[bc-zips] 2026-08-12: 2 episodes, workers=1, batch_size=2, batches=1
2026-08-12 ━━━━━━━━━━━━━━━━━━━━━━━━━━━━━━━━━━━ 100% 2/2 episodes 0:00:02 0:00:00
[bc-zips] 2026-08-12: wrote /tmp/ptcg_ar001_etl.X2MKSX/out/2026-08-12.parquet (426 rows, 2 episodes, 0 episode failures) dataset_id=1 would_ko=computed
        4.03 real         3.54 user         0.43 sys
           411648000  maximum resident set size
                   0  average shared memory size
                   0  average unshared data size
                   0  average unshared stack size
               68450  page reclaims
                   2  page faults
                   0  swaps
                   0  block input operations
                   0  block output operations
                   1  messages sent
                   1  messages received
                   1  signals received
                 535  voluntary context switches
                8273  involuntary context switches
           174285352  instructions retired
            76859514  cycles elapsed
            13566408  peak memory footprint
