dataset_path= data/bc_data/2026-08-08.parquet
selected_episodes= 12 selected_rows= 2082
columns= 73 loaded_rows= 2048 loaded_bytes= 83806208
T_dataset_open_s=0.004120
T_episode_scan_s=0.013841
T_encoder_setup_s=0.018031
T_location_scan_s=0.030562
T_rowgroup_load_s=1.046911
T_load_total_s=1.113466
cache_report= {'hits': 0, 'misses': 1, 'evictions': 0, 'promotions': 0, 'ssd_hits': 0, 'ssd_spills': 0, 'bytes_loaded': 1401216882, 'resident_row_groups': 1, 'resident_hot': 0, 'resident_transient': 1, 'ssd_resident': 0, 'ssd_bytes': 0}
        2.02 real         1.64 user         0.60 sys
          6040190976  maximum resident set size
                   0  average shared memory size
                   0  average unshared data size
                   0  average unshared stack size
              372588  page reclaims
                3273  page faults
                   0  swaps
                   0  block input operations
                   0  block output operations
                   1  messages sent
                   1  messages received
                   1  signals received
                1548  voluntary context switches
               10014  involuntary context switches
           273765740  instructions retired
           137259274  cycles elapsed
            13402616  peak memory footprint
