{
  "baseline": {
    "columns": 74,
    "decoded_bytes": 2802502248,
    "decoded_bytes_per_row": 1346062.5590778098,
    "etl_s": 0.0,
    "load_s": 1.939587124856189,
    "location_scan_s": 0.05403562495484948,
    "rowgroup_read_s": 1.8777294589672238,
    "rows_per_s": 1108.785927630452,
    "rss_peak_bytes": 7688388608,
    "selected_rows": 2082,
    "splits": {
      "train": {
        "cache_report": {
          "bytes_loaded": 1401251124,
          "evictions": 0,
          "hits": 0,
          "misses": 1,
          "promotions": 0,
          "resident_hot": 0,
          "resident_row_groups": 1,
          "resident_transient": 1,
          "ssd_bytes": 0,
          "ssd_hits": 0,
          "ssd_resident": 0,
          "ssd_spills": 0
        },
        "read_s": 0.9024872500449419,
        "rows": 1955,
        "scan_s": 0.030720457900315523
      },
      "val": {
        "cache_report": {
          "bytes_loaded": 1401251124,
          "evictions": 0,
          "hits": 0,
          "misses": 1,
          "promotions": 0,
          "resident_hot": 0,
          "resident_row_groups": 1,
          "resident_transient": 1,
          "ssd_bytes": 0,
          "ssd_hits": 0,
          "ssd_resident": 0,
          "ssd_spills": 0
        },
        "read_s": 0.9752422089222819,
        "rows": 127,
        "scan_s": 0.02331516705453396
      }
    },
    "swap": {
      "sin": 81915013840896,
      "sout": 12955416477696
    },
    "total_source_to_ready_s": 1.9396289580035955,
    "train_rows": 1955,
    "val_rows": 127
  },
  "candidate": {
    "columns": 74,
    "constructor_s": 0.12332875095307827,
    "decoded_bytes": 85199604,
    "decoded_bytes_per_row": 40922.0,
    "etl_s": null,
    "load_s": 0.13312674988992512,
    "mmap_read_s": 0.009265790926292539,
    "packed_data_digest": "6d15639abce2fbe240e92c6a86c2bff32330684105a1b7f07f27e379702949c3",
    "packed_logical_bytes": 86894352,
    "rows_per_s": 224697.49388496694,
    "rss_peak_bytes": 7769800704,
    "selected_rows": 2082,
    "splits": {
      "train": {
        "cache_report": {
          "bytes_loaded": 80002510,
          "evictions": 0,
          "hits": 0,
          "misses": 1,
          "packed_mmap_bytes": 80002510,
          "promotions": 0,
          "resident_hot": 0,
          "resident_row_groups": 0,
          "resident_transient": 0,
          "ssd_bytes": 0,
          "ssd_hits": 0,
          "ssd_resident": 0,
          "ssd_spills": 0
        },
        "constructor_s": 0.04392379196360707,
        "read_s": 0.00834354106336832,
        "rows": 1955
      },
      "val": {
        "cache_report": {
          "bytes_loaded": 5197094,
          "evictions": 0,
          "hits": 0,
          "misses": 1,
          "packed_mmap_bytes": 5197094,
          "promotions": 0,
          "resident_hot": 0,
          "resident_row_groups": 0,
          "resident_transient": 0,
          "ssd_bytes": 0,
          "ssd_hits": 0,
          "ssd_resident": 0,
          "ssd_spills": 0
        },
        "constructor_s": 0.0794049589894712,
        "read_s": 0.0009222498629242182,
        "rows": 127
      }
    },
    "swap": {
      "sin": 81915084865536,
      "sout": 12955416477696
    },
    "total_source_to_ready_s": null,
    "train_rows": 1955,
    "val_rows": 127
  },
  "selection": {
    "max_rows": 2048,
    "seed": 13971479023478,
    "val_frac": 0.1
  },
  "source": "data/bc_data/2026-08-08.parquet",
  "source_sha256": "ed4b392a41dc363d7175bffcdfdca105a21450fc209c36320a561e3631a8f1f0"
}
        2.71 real         2.92 user         0.93 sys
          7769800704  maximum resident set size
                   0  average shared memory size
                   0  average unshared data size
                   0  average unshared stack size
              481250  page reclaims
                   6  page faults
                   0  swaps
                   0  block input operations
                   0  block output operations
                   1  messages sent
                   1  messages received
                   1  signals received
                  99  voluntary context switches
               10119  involuntary context switches
           190171390  instructions retired
            89898767  cycles elapsed
            13681120  peak memory footprint
