{
  "base_gstep": 16562,
  "base_params": {
    "arch_version": "1.0.0",
    "d_model": 128,
    "dtype": "mlx.core.float32",
    "ff_dim": 512,
    "has_learned_init": true,
    "max_options": 192,
    "nhead": 4,
    "nlayers": 4,
    "scratch_registers": 32,
    "split_heads": true,
    "static": true,
    "structured": false,
    "token_schema_version": "1.0.0",
    "value_atoms": 51,
    "value_categorical": false,
    "value_vmax": 1.0
  },
  "base_val_acc": 0.6692913385826772,
  "candidate_gstep": 16562,
  "candidate_params": {
    "arch_version": "1.0.0",
    "d_model": 128,
    "dtype": "mlx.core.float32",
    "ff_dim": 512,
    "has_learned_init": true,
    "max_options": 192,
    "nhead": 4,
    "nlayers": 4,
    "scratch_registers": 32,
    "split_heads": true,
    "static": true,
    "structured": false,
    "token_schema_version": "1.0.0",
    "value_atoms": 51,
    "value_categorical": false,
    "value_vmax": 1.0
  },
  "candidate_val_acc": 0.6692913385826772,
  "first_difference": "/card_emb/weight shape=(1269, 128)/(1269, 128) dtype=float32/float32",
  "model_exact": false
}
